// Jest Snapshot v1, https://goo.gl/fbAQLP

exports[`HUD matches snapshot 1`] = `
<View
  className="absolute top-4 right-4 bg-black/60 rounded-lg p-2 min-w-[120px]"
  pointerEvents="none"
>
  <Text
    className="font-abeezee text-white text-xs"
  >
    Puntos: 
    1,000
  </Text>
  <Text
    className="font-abeezee text-white text-xs"
  >
    FPS: 
    60
  </Text>
</View>
`;
