// Jest Snapshot v1, https://goo.gl/fbAQLP

exports[`ForgotPasswordForm matches snapshot 1`] = `
<View
  className="gap-4"
>
  <View
    className="gap-1.5"
  >
    <View
      accessibilityState={
        {
          "busy": undefined,
          "checked": undefined,
          "disabled": undefined,
          "expanded": undefined,
          "selected": undefined,
        }
      }
      accessibilityValue={
        {
          "max": undefined,
          "min": undefined,
          "now": undefined,
          "text": undefined,
        }
      }
      accessible={true}
      className="flex select-none flex-row items-center gap-2"
      collapsable={false}
      focusable={true}
      onBlur={[Function]}
      onClick={[Function]}
      onFocus={[Function]}
      onResponderGrant={[Function]}
      onResponderMove={[Function]}
      onResponderRelease={[Function]}
      onResponderTerminate={[Function]}
      onResponderTerminationRequest={[Function]}
      onStartShouldSetResponder={[Function]}
    >
      <Text
        className="text-foreground text-sm font-medium"
      >
        Correo electrónico
      </Text>
    </View>
    <TextInput
      autoCapitalize="none"
      className="bg-muted text-foreground flex h-14 w-full min-w-0 flex-row items-center rounded-2xl px-4 py-1 text-base leading-5 placeholder:text-muted-foreground/50"
      keyboardType="email-address"
      onChangeText={[Function]}
      onSubmitEditing={[Function]}
      returnKeyType="done"
      value=""
    />
  </View>
  <View
    accessibilityState={
      {
        "busy": undefined,
        "checked": undefined,
        "disabled": false,
        "expanded": undefined,
        "selected": undefined,
      }
    }
    accessibilityValue={
      {
        "max": undefined,
        "min": undefined,
        "now": undefined,
        "text": undefined,
      }
    }
    accessible={true}
    className="group font-cal shrink-0 flex-row items-center justify-center gap-2 rounded-full overflow-visible bg-primary active:bg-primary/90 shadow-sm shadow-black/5 min-h-14 px-5 py-3"
    collapsable={false}
    focusable={true}
    onBlur={[Function]}
    onClick={[Function]}
    onFocus={[Function]}
    onResponderGrant={[Function]}
    onResponderMove={[Function]}
    onResponderRelease={[Function]}
    onResponderTerminate={[Function]}
    onResponderTerminationRequest={[Function]}
    onStartShouldSetResponder={[Function]}
    role="button"
  >
    <Text
      className="text-sm font-medium font-cal text-white"
    >
      Enviar enlace de restablecimiento
    </Text>
  </View>
</View>
`;
