// Jest Snapshot v1, https://goo.gl/fbAQLP

exports[`LogoutButton matches snapshot 1`] = `
<View
  accessibilityState={
    {
      "busy": undefined,
      "checked": undefined,
      "disabled": undefined,
      "expanded": undefined,
      "selected": undefined,
    }
  }
  accessibilityValue={
    {
      "max": undefined,
      "min": undefined,
      "now": undefined,
      "text": undefined,
    }
  }
  accessible={true}
  className="group font-cal shrink-0 flex-row items-center justify-center overflow-visible border-border bg-background active:bg-accent dark:bg-input/30 dark:border-input dark:active:bg-input/50 border shadow-sm shadow-black/5 h-9 gap-1.5 rounded-md px-2.5 py-2 sm:h-8"
  collapsable={false}
  focusable={true}
  onBlur={[Function]}
  onClick={[Function]}
  onFocus={[Function]}
  onResponderGrant={[Function]}
  onResponderMove={[Function]}
  onResponderRelease={[Function]}
  onResponderTerminate={[Function]}
  onResponderTerminationRequest={[Function]}
  onStartShouldSetResponder={[Function]}
  role="button"
  testID="logout-button"
>
  <Text
    className="text-foreground text-sm font-medium font-cal group-active:text-accent-foreground"
  >
    Cerrar sesión
  </Text>
</View>
`;
